   Compiling deadfall v0.1.0 (/home/kevin/deadfall-upgrade/BlueEngineGames/games/deadfall)
    Finished `test` profile [optimized + debuginfo] target(s) in 4.73s
     Running unittests src/lib.rs (/home/kevin/deadfall-target/debug/deps/deadfall-4a4d691eb1e1d2eb)

running 133 tests
test client::arms::tests::forearms_run_back_towards_the_camera_and_down ... ok
test client::arms::tests::ads_keeps_the_arms_out_of_the_line_of_sight ... ok
test client::arms::tests::a_hand_is_about_an_adult_hand_in_size ... ok
test client::arms::tests::reload_takes_the_left_hand_down_and_back ... ok
test client::arms::tests::both_hands_are_there_and_the_arms_stay_small ... ok
test client::arms::tests::sleeves_and_gloves_use_the_team_colours ... ok
test client::arms::tests::non_empty_and_finite_for_every_hold ... ok
test client::arms::tests::vertex_budget_is_a_few_thousand ... ok
test client::audio::tests::ambience_takes_differ ... ok
test client::audio::tests::big_weapons_are_darker_and_longer ... ok
test client::audio::tests::every_cue_is_a_valid_wav_with_right_variants ... ok
test client::audio::tests::flash_ring_rises ... ok
test client::audio::tests::index_is_dense_and_ordered ... ok
test client::audio::tests::durations_are_short ... ok
test client::audio::tests::deterministic ... ok
test client::audio::tests::pan_variants_lean_the_right_way ... ok
test client::audio::tests::roster_keys_have_shots ... ok
test client::audio::tests::stems_loop_seamlessly ... ok
test client::audio::tests::memory_is_sane_and_render_is_quick ... ok
test client::audio::tests::ui_is_quiet_and_soft ... ok
test client::character::tests::crouching_lowers_the_head ... ok
test client::character::tests::dead_pose_lies_on_the_ground ... ok
test client::character::tests::draw_adds_geometry_inside_a_soldier_box ... ok
test client::audio::tests::surfaces_have_their_character ... ok
test client::character::tests::head_pitch_follows_look_pitch ... ok
test client::character::tests::rigs_build_for_both_teams_and_all_skins ... ok
test client::character::tests::the_body_is_stocky_not_spindly ... ok
test client::character::tests::walking_and_running_keep_feet_on_the_ground ... ok
test client::character::tests::weapon_mount_sits_at_the_right_hand_in_front_of_the_chest ... ok
test client::character::tests::yaw_turns_the_mount_towards_plus_x ... ok
test client::character::tests::extreme_poses_are_finite ... ok
test client::level_view::tests::only_tree_collision_boxes_are_replaced_by_their_trunk_meshes ... ok
test client::audio::tests::peak_and_rms_bounds ... ok
test client::online::tests::a_room_failure_reads_as_before_and_a_running_match_is_the_one_to_retry ... ok
test client::online::tests::a_hub_of_another_build_blocks_joining_and_creating ... ok
test client::level_view::tests::flat_ground_and_far_scenery_never_cast_but_walls_and_trees_do ... ok
test client::online::tests::the_fake_build_switch_replaces_the_build_and_nonsense_is_ignored ... ok
test client::online::tests::the_list_window_fits_the_screen ... ok
test client::online::tests::the_update_text_is_the_engines ... ok
test client::render::tests::changing_speed_never_resets_stride_and_stopping_eases_out ... ok
test client::render::tests::look_sway_is_consistent_at_different_frame_rates_and_across_yaw_wrap ... ok
test client::render::tests::melee_has_no_pose_jump_and_contacts_at_the_simulated_impact ... ok
test client::render::tests::parts_outside_the_light_box_are_skipped_and_parts_inside_are_kept ... ok
test client::sound::tests::sounds_fade_with_distance_and_pan_follows_the_listener ... ok
test client::ui::tests::charsets_take_what_they_should ... ok
test client::ui::tests::long_messages_wrap_at_spaces ... ok
test client::ui::tests::pasted_text_is_one_clean_line_that_fits ... ok
test client::ui::tests::times_read_naturally ... ok
test client::weapon_models::tests::a_round_loft_is_a_smooth_outward_facing_cylinder ... ok
test client::render::tests::contact_shadows_find_the_floor_under_the_feet_not_the_roof_above ... ok
test client::online::tests::the_engine_screen_state_lists_public_first_and_joins_the_room_port_on_the_hub_host ... ok
test client::weapon_models::tests::all_models_build_quickly ... ok
test client::weapon_models::tests::anchors_are_finite_and_sensible ... ok
test client::weapon_models::tests::every_key_builds_and_unknown_does_not ... ok
test client::weapon_models::tests::geometry_is_sound_and_within_budget ... ok
test client::weapon_models::tests::keys_match_the_design_roster ... ok
test client::weapon_models::tests::every_triangle_winds_with_its_normals ... ok
test client::weapon_models::tests::length_matches_the_real_size_class ... ok
test client::weapon_models::tests::firearms_use_several_colours_and_optics_have_glass ... ok
test client::weapon_models::tests::plates_are_symmetric_and_thick_where_asked ... ok
test client::weapon_models::tests::print_vertex_counts ... ignored
test client::weapon_models::tests::rifle_sight_lines_sit_above_the_barrel_and_behind_the_front ... ok
test client::weapon_models::tests::rounded_boxes_keep_their_requested_extent_and_have_bevelled_normals ... ok
test client::weapon_models::tests::moving_parts_are_consistent ... ok
test client::weapon_models::tests::sweeps_follow_their_path_and_beziers_hit_their_ends ... ok
test client::weapon_models::tests::magazines_and_slides_sit_on_their_weapon ... ok
test input::tests::an_input_round_trips_within_quantisation ... ok
test input::tests::displayed_ticks_wrap_after_eighteen_minutes_instead_of_saturating ... ok
test input::tests::hostile_bytes_are_an_error_or_clamped_never_a_panic ... ok
test input::tests::walking_halves_the_speed_and_quantising_is_idempotent ... ok
test level::tests::a_ray_hits_the_near_face_and_misses_past_the_end ... ok
test level::tests::line_of_sight_is_blocked_by_a_block ... ok
test nav::tests::a_path_goes_round_an_obstacle ... ok
test nav::tests::stairs_are_climbed_and_a_wall_is_not ... ok
test client::weapon_models::tests::support_hand_only_on_two_handed_weapons ... ok
test netgame::tests::every_event_round_trips ... ok
test netgame::tests::garbage_never_panics ... ok
test client::weapon_models::tests::weapons_are_shaped_not_boxy ... ok
test netgame::tests::replay_interpolates_the_recorded_victim_and_keeps_death_at_its_tick ... ok
test netgame::tests::replay_effects_expire_with_world_history ... ok
test netgame::tests::room_settings_declare_stable_ids_and_build_the_match_rules ... ok
test netgame::tests::the_fingerprint_is_stable_within_a_run ... ok
test netgame::tests::the_join_fingerprint_is_pinned ... ok
test netgame::tests::the_local_camera_moves_smoothly_between_prediction_ticks_without_mutating_them ... ok
test prefs::tests::nonsense_in_the_file_is_repaired_not_trusted ... ok
test prefs::tests::the_remembered_hub_is_optional_cleaned_and_absent_from_old_files ... ok
test prefs::tests::shadows_default_to_simple_survive_a_round_trip_and_old_files_still_load ... ok
test slagworks::level_tests::counts_are_sane ... ok
test slagworks::level_tests::dump_ascii_plan ... ignored
test netgame::tests::a_snapshot_round_trips_and_fits_a_datagram_in_the_worst_case ... ok
test slagworks::level_tests::loot_is_not_buried_and_is_spread_sensibly ... ok
test slagworks::level_tests::outdoor_plants_are_rooted_in_soil_including_their_footprints ... ok
test slagworks::level_tests::raycasts_behave_inside_the_map ... ok
test slagworks::level_tests::spawns_are_clear_and_face_the_map ... ok
test client::audio::tests::every_weapon_sounds_different ... ok
test slagworks::level_tests::the_bases_are_mirror_balanced ... ok
test slagworks::level_tests::walls_are_thick_enough_and_the_perimeter_is_tall ... ok
test stats::tests::a_match_adds_up_and_survives_a_restart ... ok
test stats::tests::a_match_that_barely_started_does_not_count ... ok
test stats::tests::kills_of_your_own_and_deaths_by_falling_are_counted_honestly ... ok
test team::tests::index_roundtrip ... ok
test weapons::tests::cycle_and_tick_helpers ... ok
test weapons::tests::damage_at_is_flat_then_falls_then_floors ... ok
test weapons::tests::damage_at_is_monotonic ... ok
test weapons::tests::damage_scale_per_class ... ok
test weapons::tests::effect_grenades_match_their_roles ... ok
test weapons::tests::every_class_is_represented ... ok
test weapons::tests::every_numeric_field_is_finite_and_sane ... ok
test weapons::tests::explosions_and_melee_ignore_range_falloff ... ok
test weapons::tests::fire_modes_carry_their_payloads ... ok
test weapons::tests::grenades_bounce_and_launchers_detonate_on_impact ... ok
test weapons::tests::heavier_guns_are_slower_on_foot ... ok
test weapons::tests::hitscan_precision_ordering ... ok
test weapons::tests::id_and_key_round_trip ... ok
test weapons::tests::keys_unique_lowercase_and_names_filled ... ok
test weapons::tests::markdown_has_a_row_per_weapon ... ok
test weapons::tests::melee_numbers ... ok
test weapons::tests::names_match_the_design_brief ... ok
test weapons::tests::new_weapons_have_distinct_roles_and_append_only_ids ... ok
test weapons::tests::real_magazine_sizes ... ok
test weapons::tests::recoil_grows_with_power ... ok
test weapons::tests::reserves_are_sensible ... ok
test weapons::tests::scopes_match_their_zoom ... ok
test weapons::tests::shotguns_are_short_ranged_wide_and_lethal_up_close ... ok
test weapons::tests::shots_to_kill_hand_checks ... ok
test weapons::tests::slots_follow_classes ... ok
test weapons::tests::starting_weapons_exist_in_the_right_slots ... ok
test weapons::tests::table_has_the_roster_in_order ... ok
test weapons::tests::time_to_kill_bands_at_ten_metres ... ok
test weapons::tests::write_armoury_doc ... ignored
test slagworks::level_tests::every_spawn_and_weapon_is_reachable_and_the_map_is_closed ... ok
test slagworks::level_tests::a_fifty_metre_sightline_exists_between_reachable_points ... ok
